"id","firstName","adminId","id","firstName"
"1","John","1","1","John"
"2","Jane","1","1","John"
"3","Jim","6","6","Joyce"
"4","Jill","6","6","Joyce"
"5","Jack","1","1","John"
"6","Joyce","6","6","Joyce"
"7","James","1","1","John"
"8","Jennifer","1","1","John"
"9","Jerry","6","6","Joyce"
"10","Judy","6","6","Joyce"
"11","Richis","6","6","Joyce"
"12","Milla","6","6","Joyce"
"13","Bob","6","6","Joyce"
