"id","firstName","age"
"1","John","25"
"2","Jane","24"
"3","Jim","30"
"4","Jill","28"
"5","Jack","27"
"6","Joyce","26"
"7","James","29"
"8","Jennifer","31"
"9","Jerry","32"
"10","Judy","33"
"11","Richis","35"
"12","Milla","36"
"13","Bob","37"
