"id","name"
"3","Jim"
"8","Jennifer"
"9","Jerry"
"10","Judy"
"11","Richis"
"12","Milla"
"13","Bob"
